// Jest Snapshot v1, https://goo.gl/fbAQLP

exports[`action button renders 1`] = `
<button
  className="md-btn md-btn--raised md-btn--text md-pointer--hover md-background--primary md-background--primary-hover md-inline-block"
  disabled={undefined}
  href={undefined}
  onClick={[Function]}
  onKeyDown={[Function]}
  onKeyUp={[Function]}
  onMouseDown={[Function]}
  onMouseEnter={[Function]}
  onMouseLeave={[Function]}
  onMouseUp={[Function]}
  onTouchEnd={[Function]}
  onTouchStart={[Function]}
  type="button"
>
  <div
    className="md-ink-container"
    style={undefined}
  />
  do this
</button>
`;
